// Jest Snapshot v1, https://goo.gl/fbAQLP

exports[`renders Starters component 1`] = `ShallowWrapper {}`;
