// Jest Snapshot v1, https://goo.gl/fbAQLP

exports[`renders Stats component 1`] = `ShallowWrapper {}`;
