// Jest Snapshot v1, https://goo.gl/fbAQLP

exports[`renders Profile component 1`] = `ShallowWrapper {}`;
