// Jest Snapshot v1, https://goo.gl/fbAQLP

exports[`renders Bio component 1`] = `ShallowWrapper {}`;
